MO rotary_shaft NULL rotary_shft.v vlg52/rotary__shaft.bin 1709718386
MO five_bit_adder_subtractor NULL five_bit_adder_subtractor.v vlg37/five__bit__adder__subtractor.bin 1709718386
MO full_operator NULL full_operator.v vlg6A/full__operator.bin 1709718386
MO grid NULL grid.v vlg5E/grid.bin 1709718386
