#-----------------------------------------------------------
# PlanAhead v14.7 (64-bit)
# Build 321239 by xbuild on Fri Sep 27 19:24:36 MDT 2013
# Start of session at: Wed Jan 24 15:14:21 2024
# Process ID: 11410
# Log file: /media/aditikh22/HP USB20FD/CS220/Lab2_2/seven_bit_adder/planAhead_run_3/planAhead.log
# Journal file: /media/aditikh22/HP USB20FD/CS220/Lab2_2/seven_bit_adder/planAhead_run_3/planAhead.jou
#-----------------------------------------------------------
start_gui
source {/media/aditikh22/HP USB20FD/CS220/Lab2_2/seven_bit_adder/pa.fromHdl.tcl}
update_compile_order -fileset sim_1
set_property iostandard LVTTL [get_ports [list {a[3]} {a[2]} {a[1]} {a[0]}]]
set_property package_pin "" [get_ports [list  {a[3]}]]
startgroup
set_property package_pin L13 [get_ports {a[0]}]
endgroup
startgroup
set_property package_pin L14 [get_ports {a[1]}]
endgroup
startgroup
set_property package_pin H18 [get_ports {a[2]}]
endgroup
startgroup
set_property package_pin N17 [get_ports {a[3]}]
endgroup
startgroup
set_property package_pin F9 [get_ports cout]
endgroup
startgroup
set_property package_pin V4 [get_ports PB1]
endgroup
startgroup
set_property package_pin K17 [get_ports PB2]
endgroup
startgroup
set_property package_pin H13 [get_ports PB3]
endgroup
startgroup
set_property package_pin D18 [get_ports PB4]
endgroup
startgroup
set_property package_pin F12 [get_ports {sum[0]}]
endgroup
startgroup
set_property package_pin E12 [get_ports {sum[1]}]
endgroup
startgroup
set_property package_pin E11 [get_ports {sum[2]}]
endgroup
startgroup
set_property package_pin F11 [get_ports {sum[3]}]
endgroup
startgroup
set_property package_pin C11 [get_ports {sum[4]}]
endgroup
startgroup
set_property package_pin F11 [get_ports {sum[3]}]
endgroup
startgroup
set_property package_pin D11 [get_ports {sum[5]}]
endgroup
startgroup
set_property package_pin E9 [get_ports {sum[6]}]
endgroup
set_property iostandard LVTTL [get_ports [list {sum[6]} {sum[5]} {sum[4]} {sum[3]} {sum[2]} {sum[1]} {sum[0]}]]
set_property iostandard LVTTL [get_ports [list cout]]
set_property iostandard LVTTL [get_ports [list PB1]]
set_property iostandard LVTTL [get_ports [list PB2]]
set_property iostandard LVTTL [get_ports [list PB3]]
set_property iostandard LVTTL [get_ports [list PB4]]
set_property drive 8 [get_ports [list {sum[6]} {sum[5]} {sum[4]} {sum[3]} {sum[2]} {sum[1]} {sum[0]}]]
set_property drive 8 [get_ports [list cout]]
set_property pulltype PULLUP [get_ports [list {a[3]} {a[2]} {a[1]} {a[0]}]]
set_property pulltype PULLUP [get_ports [list PB1]]
set_property pulltype PULLUP [get_ports [list PB2]]
set_property pulltype PULLDOWN [get_ports [list PB2]]
set_property pulltype PULLDOWN [get_ports [list PB1]]
set_property pulltype PULLDOWN [get_ports [list PB3]]
set_property pulltype PULLDOWN [get_ports [list PB4]]
save_constraints
