MO display NULL display.v vlg1E/display.bin 1712116011
MO top NULL top.v vlg6F/top.bin 1712116011
MO onebitcomp NULL onebitcomp.v vlg5C/onebitcomp.bin 1712116011
MO rotary NULL rotary.v vlg69/rotary.bin 1712116011
MO eight_bit_comparator NULL eight_bit_comparator.v vlg52/eight__bit__comparator.bin 1712116011
