MO four_bit_adder NULL fiveadder.v vlg05/four__bit__adder.bin 1706698610
MO fiveadder NULL fiveadder.v vlg7E/fiveadder.bin 1706698610
MO six_bit_adder NULL fiveadder.v vlg65/six__bit__adder.bin 1706698610
MO five_bit_adder NULL fiveadder.v vlg57/five__bit__adder.bin 1706698610
MO fulladder NULL fiveadder.v vlg33/fulladder.bin 1706698610
